// Vitest Snapshot v1, https://vitest.dev/guide/snapshot.html

exports[`Filters Bar > should create a hidden Filters Bar 1`] = `<DocumentFragment />`;

exports[`Filters Bar > should create a visible Filters Bar 1`] = `
<DocumentFragment>
  <div
    class="border-border border-b px-12 py-3.5 flex flex-wrap items-center gap-8"
  >
    <div
      class="flex flex-col gap-1.5 min-w-[280px] flex-1"
    >
      <div
        class="flex items-center justify-between gap-3"
      >
        <span
          class="font-mono text-[10px] tracking-[0.1em] uppercase text-text-faint"
        >
          Âge
        </span>
        <span
          class="font-mono text-xs text-text"
        >
          0–110+
        </span>
      </div>
      <div
        class="relative h-3.5 flex items-center"
        data-testid="filter-age-range"
      >
        <div
          class="absolute inset-x-0 top-1/2 -translate-y-1/2 h-px bg-border"
        />
        <input
          aria-label="Âge minimum"
          class="absolute inset-0 w-full appearance-none bg-transparent pointer-events-none [&::-webkit-slider-thumb]:pointer-events-auto [&::-moz-range-thumb]:pointer-events-auto"
          max="100"
          min="0"
          step="10"
          type="range"
          value="0"
        />
        <input
          aria-label="Âge maximum"
          class="absolute inset-0 w-full appearance-none bg-transparent pointer-events-none [&::-webkit-slider-thumb]:pointer-events-auto [&::-moz-range-thumb]:pointer-events-auto"
          max="110"
          min="10"
          step="10"
          type="range"
          value="110"
        />
      </div>
    </div>
    <div
      class="flex items-center gap-2"
    >
      <span
        class="font-mono text-[10px] tracking-[0.1em] uppercase text-text-faint"
      >
        Sexe
      </span>
      <div
        class="inline-flex"
      >
        <button
          aria-pressed="true"
          class="font-mono text-[10.5px] tracking-[0.08em] uppercase px-[9px] py-[5px] border cursor-pointer transition-all duration-150 bg-text text-bg border-text hover:text-bg hover:border-text"
          data-testid="filter-gender-all"
          type="button"
        >
          Total
        </button>
        <button
          aria-pressed="false"
          class="font-mono text-[10.5px] tracking-[0.08em] uppercase px-[9px] py-[5px] border cursor-pointer transition-all duration-150 border-border bg-surface text-text-dim hover:text-text hover:border-text-faint -ml-px"
          data-testid="filter-gender-male"
          type="button"
        >
          <span
            aria-hidden="true"
          >
            ♂
          </span>
           Hommes
        </button>
        <button
          aria-pressed="false"
          class="font-mono text-[10.5px] tracking-[0.08em] uppercase px-[9px] py-[5px] border cursor-pointer transition-all duration-150 border-border bg-surface text-text-dim hover:text-text hover:border-text-faint -ml-px"
          data-testid="filter-gender-female"
          type="button"
        >
          <span
            aria-hidden="true"
          >
            ♀
          </span>
           Femmes
        </button>
      </div>
    </div>
  </div>
</DocumentFragment>
`;
