// Jest Snapshot v1, https://goo.gl/fbAQLP

exports[`Filters Bar should create a hidden Filters Bar 1`] = `
<DocumentFragment>
  <div
    class="filters"
  >
    <div
      class="genders"
    >
      <i
        class="ri-men-line"
      />
      <i
        class="ri-women-line"
      />
    </div>
  </div>
</DocumentFragment>
`;

exports[`Filters Bar should create a visible Filters Bar 1`] = `
<DocumentFragment>
  <div
    class="filters"
  >
    <div
      class="genders"
    >
      <i
        class="ri-men-line"
      />
      <i
        class="ri-women-line"
      />
    </div>
  </div>
</DocumentFragment>
`;
