// Jest Snapshot v1, https://goo.gl/fbAQLP

exports[`Page snapshot: distribution 1`] = `
<DocumentFragment>
  <div
    class="container mx-auto px-6"
  >
    <div
      class="distribution"
    >
      <canvas
        height="0"
        role="img"
        style="display: block; box-sizing: border-box; height: 0px; width: 0px;"
        width="0"
      />
    </div>
  </div>
</DocumentFragment>
`;
