// Vitest Snapshot v1, https://vitest.dev/guide/snapshot.html

exports[`Page snapshot: distribution 1`] = `
<DocumentFragment>
  <div
    class="container mx-auto px-6"
  >
    <div
      data-testid="view-distribution"
      style="display: flex; flex-direction: column; gap: 28px;"
    >
      <div
        class="bg-surface border border-border p-7"
        data-testid="distribution-card"
      >
        <div
          style="display: flex; justify-content: space-between; align-items: baseline; margin-bottom: 18px;"
        >
          <div>
            <span
              class="font-mono text-[10px] tracking-[0.1em] uppercase text-text-faint"
            >
              Décès par tranche d'âge
            </span>
            <div
              class="text-text-dim"
              style="font-size: 12px; margin-top: 4px;"
            >
              Décès par tranche d'âge et taux de mortalité
            </div>
          </div>
        </div>
        <div
          class="relative w-full"
        >
          <svg
            aria-label="Décès · 2000–2002"
            height="460"
            role="img"
            style="display: block; overflow: visible;"
            width="900"
          >
            <g>
              <line
                stroke="var(--color-grid)"
                stroke-width="1"
                x1="64"
                x2="836"
                y1="410"
                y2="410"
              />
              <text
                class="font-mono"
                fill="var(--color-text-faint)"
                font-size="10"
                letter-spacing="0.04em"
                text-anchor="end"
                x="54"
                y="413"
              >
                0
              </text>
            </g>
            <g>
              <line
                stroke="var(--color-grid)"
                stroke-width="1"
                x1="64"
                x2="836"
                y1="281.33333333333337"
                y2="281.33333333333337"
              />
              <text
                class="font-mono"
                fill="var(--color-text-faint)"
                font-size="10"
                letter-spacing="0.04em"
                text-anchor="end"
                x="54"
                y="284.33333333333337"
              >
                100 k
              </text>
            </g>
            <g>
              <line
                stroke="var(--color-grid)"
                stroke-width="1"
                x1="64"
                x2="836"
                y1="152.66666666666669"
                y2="152.66666666666669"
              />
              <text
                class="font-mono"
                fill="var(--color-text-faint)"
                font-size="10"
                letter-spacing="0.04em"
                text-anchor="end"
                x="54"
                y="155.66666666666669"
              >
                200 k
              </text>
            </g>
            <g>
              <line
                stroke="var(--color-grid)"
                stroke-width="1"
                x1="64"
                x2="836"
                y1="24"
                y2="24"
              />
              <text
                class="font-mono"
                fill="var(--color-text-faint)"
                font-size="10"
                letter-spacing="0.04em"
                text-anchor="end"
                x="54"
                y="27"
              >
                300 k
              </text>
            </g>
            <text
              class="font-mono"
              fill="var(--color-text-faint)"
              font-size="10"
              letter-spacing="0.04em"
              x="846"
              y="335.8000000000001"
            >
              0.85%
            </text>
            <text
              class="font-mono"
              fill="var(--color-text-faint)"
              font-size="10"
              letter-spacing="0.04em"
              x="846"
              y="258.6"
            >
              0.90%
            </text>
            <text
              class="font-mono"
              fill="var(--color-text-faint)"
              font-size="10"
              letter-spacing="0.04em"
              x="846"
              y="181.40000000000015"
            >
              0.95%
            </text>
            <text
              class="font-mono"
              fill="var(--color-text-faint)"
              font-size="10"
              letter-spacing="0.04em"
              x="846"
              y="104.20000000000007"
            >
              1.00%
            </text>
            <g
              data-year="2000"
              style="cursor: pointer;"
            >
              <rect
                fill="transparent"
                height="386"
                pointer-events="all"
                width="185.27999999999997"
                x="100.02666666666667"
                y="24"
              />
              <g>
                <rect
                  fill="color-mix(in srgb, var(--color-accent) 3%, transparent)"
                  height="1.2866666666666333"
                  opacity="1"
                  stroke="var(--color-surface)"
                  stroke-width="0.5"
                  width="185.27999999999997"
                  x="100.02666666666667"
                  y="408.71333333333337"
                />
              </g>
              <g>
                <rect
                  fill="color-mix(in srgb, var(--color-accent) 6%, transparent)"
                  height="2.5733333333333803"
                  opacity="1"
                  stroke="var(--color-surface)"
                  stroke-width="0.5"
                  width="185.27999999999997"
                  x="100.02666666666667"
                  y="406.14"
                />
              </g>
              <g>
                <rect
                  fill="color-mix(in srgb, var(--color-accent) 12%, transparent)"
                  height="3.8600000000000136"
                  opacity="1"
                  stroke="var(--color-surface)"
                  stroke-width="0.5"
                  width="185.27999999999997"
                  x="100.02666666666667"
                  y="402.28"
                />
              </g>
              <g>
                <rect
                  fill="color-mix(in srgb, var(--color-accent) 19%, transparent)"
                  height="5.146666666666647"
                  opacity="1"
                  stroke="var(--color-surface)"
                  stroke-width="0.5"
                  width="185.27999999999997"
                  x="100.02666666666667"
                  y="397.1333333333333"
                />
              </g>
              <g>
                <rect
                  fill="color-mix(in srgb, var(--color-accent) 27%, transparent)"
                  height="6.433333333333337"
                  opacity="1"
                  stroke="var(--color-surface)"
                  stroke-width="0.5"
                  width="185.27999999999997"
                  x="100.02666666666667"
                  y="390.7"
                />
              </g>
              <g>
                <rect
                  fill="color-mix(in srgb, var(--color-accent) 35%, transparent)"
                  height="7.720000000000027"
                  opacity="1"
                  stroke="var(--color-surface)"
                  stroke-width="0.5"
                  width="185.27999999999997"
                  x="100.02666666666667"
                  y="382.97999999999996"
                />
              </g>
              <g>
                <rect
                  fill="color-mix(in srgb, var(--color-accent) 46%, transparent)"
                  height="9.00666666666666"
                  opacity="1"
                  stroke="var(--color-surface)"
                  stroke-width="0.5"
                  width="185.27999999999997"
                  x="100.02666666666667"
                  y="373.9733333333333"
                />
              </g>
              <g>
                <rect
                  fill="color-mix(in srgb, var(--color-accent) 58%, transparent)"
                  height="10.293333333333294"
                  opacity="1"
                  stroke="var(--color-surface)"
                  stroke-width="0.5"
                  width="185.27999999999997"
                  x="100.02666666666667"
                  y="363.68"
                />
              </g>
              <g>
                <rect
                  fill="color-mix(in srgb, var(--color-accent) 75%, transparent)"
                  height="11.580000000000041"
                  opacity="1"
                  stroke="var(--color-surface)"
                  stroke-width="0.5"
                  width="185.27999999999997"
                  x="100.02666666666667"
                  y="352.09999999999997"
                />
              </g>
              <g>
                <rect
                  fill="color-mix(in srgb, var(--color-accent) 100%, transparent)"
                  height="12.866666666666617"
                  opacity="1"
                  stroke="var(--color-surface)"
                  stroke-width="0.5"
                  width="185.27999999999997"
                  x="100.02666666666667"
                  y="339.23333333333335"
                />
              </g>
            </g>
            <g
              data-year="2001"
              style="cursor: pointer;"
            >
              <rect
                fill="transparent"
                height="386"
                pointer-events="all"
                width="185.27999999999997"
                x="357.36"
                y="24"
              />
              <g>
                <rect
                  fill="color-mix(in srgb, var(--color-accent) 3%, transparent)"
                  height="1.4153333333333649"
                  opacity="1"
                  stroke="var(--color-surface)"
                  stroke-width="0.5"
                  width="185.27999999999997"
                  x="357.36"
                  y="408.58466666666664"
                />
              </g>
              <g>
                <rect
                  fill="color-mix(in srgb, var(--color-accent) 6%, transparent)"
                  height="2.701999999999998"
                  opacity="1"
                  stroke="var(--color-surface)"
                  stroke-width="0.5"
                  width="185.27999999999997"
                  x="357.36"
                  y="405.88266666666664"
                />
              </g>
              <g>
                <rect
                  fill="color-mix(in srgb, var(--color-accent) 12%, transparent)"
                  height="3.9886666666666315"
                  opacity="1"
                  stroke="var(--color-surface)"
                  stroke-width="0.5"
                  width="185.27999999999997"
                  x="357.36"
                  y="401.894"
                />
              </g>
              <g>
                <rect
                  fill="color-mix(in srgb, var(--color-accent) 19%, transparent)"
                  height="5.275333333333322"
                  opacity="1"
                  stroke="var(--color-surface)"
                  stroke-width="0.5"
                  width="185.27999999999997"
                  x="357.36"
                  y="396.6186666666667"
                />
              </g>
              <g>
                <rect
                  fill="color-mix(in srgb, var(--color-accent) 27%, transparent)"
                  height="6.562000000000012"
                  opacity="1"
                  stroke="var(--color-surface)"
                  stroke-width="0.5"
                  width="185.27999999999997"
                  x="357.36"
                  y="390.0566666666667"
                />
              </g>
              <g>
                <rect
                  fill="color-mix(in srgb, var(--color-accent) 35%, transparent)"
                  height="7.848666666666645"
                  opacity="1"
                  stroke="var(--color-surface)"
                  stroke-width="0.5"
                  width="185.27999999999997"
                  x="357.36"
                  y="382.208"
                />
              </g>
              <g>
                <rect
                  fill="color-mix(in srgb, var(--color-accent) 46%, transparent)"
                  height="9.135333333333392"
                  opacity="1"
                  stroke="var(--color-surface)"
                  stroke-width="0.5"
                  width="185.27999999999997"
                  x="357.36"
                  y="373.07266666666663"
                />
              </g>
              <g>
                <rect
                  fill="color-mix(in srgb, var(--color-accent) 58%, transparent)"
                  height="10.421999999999969"
                  opacity="1"
                  stroke="var(--color-surface)"
                  stroke-width="0.5"
                  width="185.27999999999997"
                  x="357.36"
                  y="362.65066666666667"
                />
              </g>
              <g>
                <rect
                  fill="color-mix(in srgb, var(--color-accent) 75%, transparent)"
                  height="11.708666666666659"
                  opacity="1"
                  stroke="var(--color-surface)"
                  stroke-width="0.5"
                  width="185.27999999999997"
                  x="357.36"
                  y="350.942"
                />
              </g>
              <g>
                <rect
                  fill="color-mix(in srgb, var(--color-accent) 100%, transparent)"
                  height="12.995333333333349"
                  opacity="1"
                  stroke="var(--color-surface)"
                  stroke-width="0.5"
                  width="185.27999999999997"
                  x="357.36"
                  y="337.94666666666666"
                />
              </g>
            </g>
            <g
              data-year="2002"
              style="cursor: pointer;"
            >
              <rect
                fill="transparent"
                height="386"
                pointer-events="all"
                width="185.27999999999997"
                x="614.6933333333333"
                y="24"
              />
              <g>
                <rect
                  fill="color-mix(in srgb, var(--color-accent) 3%, transparent)"
                  height="1.5439999999999827"
                  opacity="1"
                  stroke="var(--color-surface)"
                  stroke-width="0.5"
                  width="185.27999999999997"
                  x="614.6933333333333"
                  y="408.456"
                />
              </g>
              <g>
                <rect
                  fill="color-mix(in srgb, var(--color-accent) 6%, transparent)"
                  height="2.830666666666673"
                  opacity="1"
                  stroke="var(--color-surface)"
                  stroke-width="0.5"
                  width="185.27999999999997"
                  x="614.6933333333333"
                  y="405.62533333333334"
                />
              </g>
              <g>
                <rect
                  fill="color-mix(in srgb, var(--color-accent) 12%, transparent)"
                  height="4.117333333333363"
                  opacity="1"
                  stroke="var(--color-surface)"
                  stroke-width="0.5"
                  width="185.27999999999997"
                  x="614.6933333333333"
                  y="401.508"
                />
              </g>
              <g>
                <rect
                  fill="color-mix(in srgb, var(--color-accent) 19%, transparent)"
                  height="5.403999999999996"
                  opacity="1"
                  stroke="var(--color-surface)"
                  stroke-width="0.5"
                  width="185.27999999999997"
                  x="614.6933333333333"
                  y="396.104"
                />
              </g>
              <g>
                <rect
                  fill="color-mix(in srgb, var(--color-accent) 27%, transparent)"
                  height="6.69066666666663"
                  opacity="1"
                  stroke="var(--color-surface)"
                  stroke-width="0.5"
                  width="185.27999999999997"
                  x="614.6933333333333"
                  y="389.41333333333336"
                />
              </g>
              <g>
                <rect
                  fill="color-mix(in srgb, var(--color-accent) 35%, transparent)"
                  height="7.97733333333332"
                  opacity="1"
                  stroke="var(--color-surface)"
                  stroke-width="0.5"
                  width="185.27999999999997"
                  x="614.6933333333333"
                  y="381.43600000000004"
                />
              </g>
              <g>
                <rect
                  fill="color-mix(in srgb, var(--color-accent) 46%, transparent)"
                  height="9.26400000000001"
                  opacity="1"
                  stroke="var(--color-surface)"
                  stroke-width="0.5"
                  width="185.27999999999997"
                  x="614.6933333333333"
                  y="372.172"
                />
              </g>
              <g>
                <rect
                  fill="color-mix(in srgb, var(--color-accent) 58%, transparent)"
                  height="10.5506666666667"
                  opacity="1"
                  stroke="var(--color-surface)"
                  stroke-width="0.5"
                  width="185.27999999999997"
                  x="614.6933333333333"
                  y="361.6213333333333"
                />
              </g>
              <g>
                <rect
                  fill="color-mix(in srgb, var(--color-accent) 75%, transparent)"
                  height="11.837333333333333"
                  opacity="1"
                  stroke="var(--color-surface)"
                  stroke-width="0.5"
                  width="185.27999999999997"
                  x="614.6933333333333"
                  y="349.784"
                />
              </g>
              <g>
                <rect
                  fill="color-mix(in srgb, var(--color-accent) 100%, transparent)"
                  height="13.123999999999967"
                  opacity="1"
                  stroke="var(--color-surface)"
                  stroke-width="0.5"
                  width="185.27999999999997"
                  x="614.6933333333333"
                  y="336.66"
                />
              </g>
            </g>
            <path
              d="M 192.67 1504.86 L 450.00 1503.32 L 707.33 1501.83"
              fill="none"
              stroke="var(--color-danger)"
              stroke-linejoin="round"
              stroke-width="2"
            />
            <g
              style="pointer-events: none;"
            >
              <circle
                cx="192.66666666666666"
                cy="1504.8552695793874"
                fill="var(--color-surface)"
                r="3"
                stroke="var(--color-danger)"
                stroke-width="1.5"
              />
              <text
                class="font-mono"
                fill="var(--color-danger)"
                font-size="9"
                font-weight="600"
                text-anchor="middle"
                x="192.66666666666666"
                y="1496.8552695793874"
              >
                0.09%
              </text>
            </g>
            <g
              style="pointer-events: none;"
            >
              <circle
                cx="450"
                cy="1503.319462611712"
                fill="var(--color-surface)"
                r="3"
                stroke="var(--color-danger)"
                stroke-width="1.5"
              />
            </g>
            <g
              style="pointer-events: none;"
            >
              <circle
                cx="707.3333333333333"
                cy="1501.8296332316636"
                fill="var(--color-surface)"
                r="3"
                stroke="var(--color-danger)"
                stroke-width="1.5"
              />
              <text
                class="font-mono"
                fill="var(--color-danger)"
                font-size="9"
                font-weight="600"
                text-anchor="middle"
                x="707.3333333333333"
                y="1493.8296332316636"
              >
                0.09%
              </text>
            </g>
            <text
              class="font-mono"
              fill="var(--color-text-dim)"
              font-size="10"
              letter-spacing="0.04em"
              text-anchor="middle"
              x="192.66666666666666"
              y="430"
            >
              2000
            </text>
            <text
              class="font-mono"
              fill="var(--color-text-dim)"
              font-size="10"
              letter-spacing="0.04em"
              text-anchor="middle"
              x="450"
              y="430"
            >
              2001
            </text>
            <text
              class="font-mono"
              fill="var(--color-text-dim)"
              font-size="10"
              letter-spacing="0.04em"
              text-anchor="middle"
              x="707.3333333333333"
              y="430"
            >
              2002
            </text>
            <text
              class="font-mono uppercase"
              fill="var(--color-text-faint)"
              font-size="9.5"
              letter-spacing="0.08em"
              x="20"
              y="18"
            >
              Décès
            </text>
            <text
              class="font-mono uppercase"
              fill="var(--color-danger)"
              font-size="9.5"
              letter-spacing="0.08em"
              x="870"
              y="18"
            >
              Taux de mortalité
            </text>
          </svg>
          <div
            class="font-mono text-text-dim flex flex-wrap"
            style="gap: 14px; margin-top: 8px; padding-left: 64px; font-size: 10px; letter-spacing: 0.04em;"
          >
            <div
              style="display: flex; align-items: center; gap: 5px;"
            >
              <div
                style="width: 10px; height: 10px; background: color-mix(in srgb, var(--color-accent) 3%, transparent); border: 1px solid var(--color-border);"
              />
              <span>
                0-9
              </span>
            </div>
            <div
              style="display: flex; align-items: center; gap: 5px;"
            >
              <div
                style="width: 10px; height: 10px; background: color-mix(in srgb, var(--color-accent) 6%, transparent); border: 1px solid var(--color-border);"
              />
              <span>
                10-19
              </span>
            </div>
            <div
              style="display: flex; align-items: center; gap: 5px;"
            >
              <div
                style="width: 10px; height: 10px; background: color-mix(in srgb, var(--color-accent) 12%, transparent); border: 1px solid var(--color-border);"
              />
              <span>
                20-29
              </span>
            </div>
            <div
              style="display: flex; align-items: center; gap: 5px;"
            >
              <div
                style="width: 10px; height: 10px; background: color-mix(in srgb, var(--color-accent) 19%, transparent); border: 1px solid var(--color-border);"
              />
              <span>
                30-39
              </span>
            </div>
            <div
              style="display: flex; align-items: center; gap: 5px;"
            >
              <div
                style="width: 10px; height: 10px; background: color-mix(in srgb, var(--color-accent) 27%, transparent); border: 1px solid var(--color-border);"
              />
              <span>
                40-49
              </span>
            </div>
            <div
              style="display: flex; align-items: center; gap: 5px;"
            >
              <div
                style="width: 10px; height: 10px; background: color-mix(in srgb, var(--color-accent) 35%, transparent); border: 1px solid var(--color-border);"
              />
              <span>
                50-59
              </span>
            </div>
            <div
              style="display: flex; align-items: center; gap: 5px;"
            >
              <div
                style="width: 10px; height: 10px; background: color-mix(in srgb, var(--color-accent) 46%, transparent); border: 1px solid var(--color-border);"
              />
              <span>
                60-69
              </span>
            </div>
            <div
              style="display: flex; align-items: center; gap: 5px;"
            >
              <div
                style="width: 10px; height: 10px; background: color-mix(in srgb, var(--color-accent) 58%, transparent); border: 1px solid var(--color-border);"
              />
              <span>
                70-79
              </span>
            </div>
            <div
              style="display: flex; align-items: center; gap: 5px;"
            >
              <div
                style="width: 10px; height: 10px; background: color-mix(in srgb, var(--color-accent) 75%, transparent); border: 1px solid var(--color-border);"
              />
              <span>
                80-89
              </span>
            </div>
            <div
              style="display: flex; align-items: center; gap: 5px;"
            >
              <div
                style="width: 10px; height: 10px; background: color-mix(in srgb, var(--color-accent) 100%, transparent); border: 1px solid var(--color-border);"
              />
              <span>
                90+
              </span>
            </div>
          </div>
        </div>
      </div>
    </div>
  </div>
</DocumentFragment>
`;
